
======================================================
🕒 运行时间: 2026-07-30 17:02:45
🎲 随机种子 (Seed): 22
🟢 选中已知类 (ID): [1, 3, 8]
🔴 剩下未知类 (OOD): [0, 2, 4, 5, 6, 7]
------------------------------------------------------
📊 阶段 1: Zero-Shot 零样本初筛池纯度 (QA/QP)
 ├─ 初筛总候选数: 48079
 ├─ 真正目标类数量: 33041
 ├─ 误入未知类数量: 15038
 └─ 💡 原始初筛精准度 (Raw QP): 68.72%
------------------------------------------------------
🏆 阶段 2: 最终 45 张冷启动种子 QP
🔬 [Baseline: KMeans++ 聚类采样]
 ├─ 真正目标类(ID): 29 | 杂病(OOD): 16
 └─ 💡 最终精准度(QP): 64.44%
------------------------------------------------------
⏱️ 总运行耗时: 00h 05m 34.12s
======================================================

======================================================
🕒 运行时间: 2026-07-30 17:11:31
🎲 随机种子 (Seed): 12
🟢 选中已知类 (ID): [0, 7, 8]
🔴 剩下未知类 (OOD): [1, 2, 3, 4, 5, 6]
------------------------------------------------------
📊 阶段 1: Zero-Shot 零样本初筛池纯度 (QA/QP)
 ├─ 初筛总候选数: 43176
 ├─ 真正目标类数量: 24502
 ├─ 误入未知类数量: 18674
 └─ 💡 原始初筛精准度 (Raw QP): 56.75%
------------------------------------------------------
🏆 阶段 2: 最终 45 张冷启动种子 QP
🔬 [Baseline: KMeans++ 聚类采样]
 ├─ 真正目标类(ID): 22 | 杂病(OOD): 23
 └─ 💡 最终精准度(QP): 48.89%
------------------------------------------------------
⏱️ 总运行耗时: 00h 05m 20.80s
======================================================

======================================================
🕒 运行时间: 2026-07-30 17:24:02
🎲 随机种子 (Seed): 42
🟢 选中已知类 (ID): [1, 5, 7]
🔴 剩下未知类 (OOD): [0, 2, 3, 4, 6, 8]
------------------------------------------------------
📊 阶段 1: Zero-Shot 零样本初筛池纯度 (QA/QP)
 ├─ 初筛总候选数: 57153
 ├─ 真正目标类数量: 13437
 ├─ 误入未知类数量: 43716
 └─ 💡 原始初筛精准度 (Raw QP): 23.51%
------------------------------------------------------
🏆 阶段 2: 最终 45 张冷启动种子 QP
🔬 [Baseline: KMeans++ 聚类采样]
 ├─ 真正目标类(ID): 12 | 杂病(OOD): 33
 └─ 💡 最终精准度(QP): 26.67%
------------------------------------------------------
⏱️ 总运行耗时: 00h 06m 10.49s
======================================================

======================================================
🕒 运行时间: 2026-07-31 14:27:52
🎲 随机种子 (Seed): 52
🟢 选中已知类 (ID): [0, 1, 2]
🔴 剩下未知类 (OOD): [3, 4, 5, 6, 7, 8]
------------------------------------------------------
📊 阶段 1: Zero-Shot 零样本初筛池纯度 (QA/QP)
 ├─ 初筛总候选数: 52429
 ├─ 真正目标类数量: 26571
 ├─ 误入未知类数量: 25858
 └─ 💡 原始初筛精准度 (Raw QP): 50.68%
------------------------------------------------------
🏆 阶段 2: 最终 45 张冷启动种子 QP
🔬 [Baseline: KMeans++ 聚类采样]
 ├─ 真正目标类(ID): 23 | 杂病(OOD): 22
 └─ 💡 最终精准度(QP): 51.11%
------------------------------------------------------
⏱️ 总运行耗时: 00h 06m 04.32s
======================================================

======================================================
🕒 运行时间: 2026-07-31 14:46:18
🎲 随机种子 (Seed): 62
🟢 选中已知类 (ID): [5, 7, 8]
🔴 剩下未知类 (OOD): [0, 1, 2, 3, 4, 6]
------------------------------------------------------
📊 阶段 1: Zero-Shot 零样本初筛池纯度 (QA/QP)
 ├─ 初筛总候选数: 34652
 ├─ 真正目标类数量: 21991
 ├─ 误入未知类数量: 12661
 └─ 💡 原始初筛精准度 (Raw QP): 63.46%
------------------------------------------------------
🏆 阶段 2: 最终 45 张冷启动种子 QP
🔬 [Baseline: KMeans++ 聚类采样]
 ├─ 真正目标类(ID): 28 | 杂病(OOD): 17
 └─ 💡 最终精准度(QP): 62.22%
------------------------------------------------------
⏱️ 总运行耗时: 00h 04m 57.83s
======================================================

======================================================
🕒 运行时间: 2026-07-31 15:47:57
🎲 随机种子 (Seed): 72
🟢 选中已知类 (ID): [0, 1, 4]
🔴 剩下未知类 (OOD): [2, 3, 5, 6, 7, 8]
------------------------------------------------------
📊 阶段 1: Zero-Shot 零样本初筛池纯度 (QA/QP)
 ├─ 初筛总候选数: 62521
 ├─ 真正目标类数量: 24139
 ├─ 误入未知类数量: 38382
 └─ 💡 原始初筛精准度 (Raw QP): 38.61%
------------------------------------------------------
🏆 阶段 2: 最终 45 张冷启动种子 QP
🔬 [Baseline: KMeans++ 聚类采样]
 ├─ 真正目标类(ID): 19 | 杂病(OOD): 26
 └─ 💡 最终精准度(QP): 42.22%
------------------------------------------------------
⏱️ 总运行耗时: 00h 07m 19.93s
======================================================

======================================================
🕒 运行时间: 2026-07-31 16:14:48
🎲 随机种子 (Seed): 92
🟢 选中已知类 (ID): [0, 5, 6]
🔴 剩下未知类 (OOD): [1, 2, 3, 4, 7, 8]
------------------------------------------------------
📊 阶段 1: Zero-Shot 零样本初筛池纯度 (QA/QP)
 ├─ 初筛总候选数: 30880
 ├─ 真正目标类数量: 23235
 ├─ 误入未知类数量: 7645
 └─ 💡 原始初筛精准度 (Raw QP): 75.24%
------------------------------------------------------
🏆 阶段 2: 最终 45 张冷启动种子 QP
🔬 [Baseline: KMeans++ 聚类采样]
 ├─ 真正目标类(ID): 30 | 杂病(OOD): 15
 └─ 💡 最终精准度(QP): 66.67%
------------------------------------------------------
⏱️ 总运行耗时: 00h 04m 47.15s
======================================================

======================================================
🕒 运行时间: 2026-08-01 16:49:58
🎲 随机种子 (Seed): 92
🟢 选中已知类 (ID): [0, 5, 7]
🔴 剩下未知类 (OOD): [1, 2, 3, 4, 6, 8, 9]
------------------------------------------------------
📊 阶段 1: Zero-Shot 零样本初筛池纯度 (QA/QP)
 ├─ 初筛总候选数: 10886
 ├─ 真正目标类数量: 2373
 ├─ 误入未知类数量: 8513
 └─ 💡 原始初筛精准度 (Raw QP): 21.80%
------------------------------------------------------
🏆 阶段 2: 最终 45 张冷启动种子 QP
🔬 [Baseline: KMeans++ 聚类采样]
 ├─ 真正目标类(ID): 16 | 杂病(OOD): 29
 └─ 💡 最终精准度(QP): 35.56%
------------------------------------------------------
⏱️ 总运行耗时: 00h 00m 58.65s
======================================================

======================================================
🕒 运行时间: 2026-08-01 18:44:14
🎲 随机种子 (Seed): 92
🟢 选中已知类 (ID): [0, 1, 4]
🔴 剩下未知类 (OOD): [2, 3, 5, 6, 7]
------------------------------------------------------
📊 阶段 1: Zero-Shot 零样本初筛池纯度 (QA/QP)
 ├─ 初筛总候选数: 139853
 ├─ 真正目标类数量: 59096
 ├─ 误入未知类数量: 80757
 └─ 💡 原始初筛精准度 (Raw QP): 42.26%
------------------------------------------------------
🏆 阶段 2: 最终 45 张冷启动种子 QP
🔬 [Baseline: KMeans++ 聚类采样]
 ├─ 真正目标类(ID): 21 | 杂病(OOD): 24
 └─ 💡 最终精准度(QP): 46.67%
------------------------------------------------------
⏱️ 总运行耗时: 00h 12m 56.53s
======================================================

======================================================
🕒 运行时间: 2026-08-03 14:40:52
🎲 随机种子 (Seed): 72
🟢 选中已知类 (ID): [0, 1, 4]
🔴 剩下未知类 (OOD): [2, 3, 5, 6, 7, 8]
------------------------------------------------------
📊 阶段 1: Zero-Shot 零样本初筛池纯度 (QA/QP)
 ├─ 初筛总候选数: 62521
 ├─ 真正目标类数量: 24139
 ├─ 误入未知类数量: 38382
 └─ 💡 原始初筛精准度 (Raw QP): 38.61%
------------------------------------------------------
🏆 阶段 2: 最终 45 张冷启动种子 QP
🔬 [Baseline: KMeans++ 聚类采样] (已保存至: /root/gpufree-data/OpenPath-main/al_file/query_round_5_old.csv)
 ├─ 真正目标类(ID): 21 | 杂病(OOD): 24
 └─ 💡 最终精准度(QP): 46.67%
------------------------------------------------------
⏱️ 总运行耗时: 00h 08m 42.92s
======================================================

======================================================
🕒 运行时间: 2026-08-03 17:40:28
🎲 随机种子 (Seed): 22
🟢 选中已知类 (ID): [1, 3, 8]
🔴 剩下未知类 (OOD): [0, 2, 4, 5, 6, 7]
------------------------------------------------------
📊 阶段 1: Zero-Shot 零样本初筛池纯度 (QA/QP)
 ├─ 初筛总候选数: 48079
 ├─ 真正目标类数量: 33041
 ├─ 误入未知类数量: 15038
 └─ 💡 原始初筛精准度 (Raw QP): 68.72%
------------------------------------------------------
🏆 阶段 2: 最终 45 张冷启动种子 QP
🔬 [Baseline: KMeans++ 聚类采样] (已保存至: /root/gpufree-data/OpenPath-main/al_file/query_round_5_old2.csv)
 ├─ 真正目标类(ID): 30 | 杂病(OOD): 15
 └─ 💡 最终精准度(QP): 66.67%
------------------------------------------------------
⏱️ 总运行耗时: 00h 05m 48.03s
======================================================

======================================================
🕒 运行时间: 2026-08-06 17:18:35
🎲 随机种子 (Seed): 81
🟢 选中已知类 (ID): [2, 6, 7]
🔴 剩下未知类 (OOD): [0, 1, 3, 4, 5, 8]
------------------------------------------------------
📊 阶段 1: Zero-Shot 零样本初筛池纯度 (QA/QP)
 ├─ 初筛总候选数: 58184
 ├─ 真正目标类数量: 18111
 ├─ 误入未知类数量: 40073
 └─ 💡 原始初筛精准度 (Raw QP): 31.13%
------------------------------------------------------
🏆 阶段 2: 最终 45 张冷启动种子 QP
🔬 [Baseline: KMeans++ 聚类采样] (已保存至: /root/gpufree-data/OpenPath-main/al_file/query_round_5_old3.csv)
 ├─ 真正目标类(ID): 16 | 杂病(OOD): 29
 └─ 💡 最终精准度(QP): 35.56%
------------------------------------------------------
⏱️ 总运行耗时: 00h 06m 27.56s
======================================================

======================================================
🕒 运行时间: 2026-08-06 19:31:34
🎲 随机种子 (Seed): 67
🟢 选中已知类 (ID): [0, 6, 8]
🔴 剩下未知类 (OOD): [1, 2, 3, 4, 5, 7]
------------------------------------------------------
📊 阶段 1: Zero-Shot 零样本初筛池纯度 (QA/QP)
 ├─ 初筛总候选数: 27248
 ├─ 真正目标类数量: 21834
 ├─ 误入未知类数量: 5414
 └─ 💡 原始初筛精准度 (Raw QP): 80.13%
------------------------------------------------------
🏆 阶段 2: 最终 45 张冷启动种子 QP
🔬 [Baseline: KMeans++ 聚类采样] (已保存至: /root/gpufree-data/OpenPath-main/al_file/query_round_5_old4.csv)
 ├─ 真正目标类(ID): 34 | 杂病(OOD): 11
 └─ 💡 最终精准度(QP): 75.56%
------------------------------------------------------
⏱️ 总运行耗时: 00h 05m 03.72s
======================================================

======================================================
🕒 运行时间: 2026-08-14 14:41:09
🎲 随机种子 (Seed): 48
🟢 选中已知类 (ID): [2, 5, 6]
🔴 剩下未知类 (OOD): [0, 1, 3, 4, 7, 8]
------------------------------------------------------
📊 阶段 1: Zero-Shot 零样本初筛池纯度 (QA/QP)
 ├─ 初筛总候选数: 53684
 ├─ 真正目标类数量: 23399
 ├─ 误入未知类数量: 30285
 └─ 💡 原始初筛精准度 (Raw QP): 43.59%
------------------------------------------------------
🏆 阶段 2: 最终 45 张冷启动种子 QP
🔬 [Baseline: KMeans++ 聚类采样]
 ├─ 真正目标类(ID): 21 | 杂病(OOD): 24
 └─ 💡 最终精准度(QP): 46.67%
------------------------------------------------------
⏱️ 总运行耗时: 00h 07m 37.47s
======================================================

======================================================
🕒 运行时间: 2026-08-16 16:25:24
🎲 随机种子 (Seed): 67
🟢 选中已知类 (ID): [0, 6, 8]
🔴 剩下未知类 (OOD): [1, 2, 3, 4, 5, 7]
------------------------------------------------------
📊 阶段 1: Zero-Shot 零样本初筛池纯度 (QA/QP)
 ├─ 初筛总候选数: 27248
 ├─ 真正目标类数量: 21834
 ├─ 误入未知类数量: 5414
 └─ 💡 原始初筛精准度 (Raw QP): 80.13%
------------------------------------------------------
🏆 阶段 2: 最终 45 张冷启动种子 QP
🔬 [Baseline: KMeans++ 聚类采样]
 ├─ 真正目标类(ID): 34 | 杂病(OOD): 11
 └─ 💡 最终精准度(QP): 75.56%
------------------------------------------------------
⏱️ 总运行耗时: 00h 04m 59.47s
======================================================

======================================================
🕒 运行时间: 2026-08-16 16:37:06
🎲 随机种子 (Seed): 67
🟢 选中已知类 (ID): [0, 6, 8]
🔴 剩下未知类 (OOD): [1, 2, 3, 4, 5, 7]
------------------------------------------------------
📊 阶段 1: Zero-Shot 零样本初筛池纯度 (QA/QP)
 ├─ 初筛总候选数: 27248
 ├─ 真正目标类数量: 21834
 ├─ 误入未知类数量: 5414
 └─ 💡 原始初筛精准度 (Raw QP): 80.13%
------------------------------------------------------
🏆 阶段 2: 最终 45 张冷启动种子 QP
🔬 [Baseline: KMeans++ 聚类采样]
 ├─ 真正目标类(ID): 34 | 杂病(OOD): 11
 └─ 💡 最终精准度(QP): 75.56%
------------------------------------------------------
⏱️ 总运行耗时: 00h 04m 48.48s
======================================================

======================================================
🕒 运行时间: 2026-08-19 18:36:50
🎲 随机种子 (Seed): 133
🟢 选中已知类 (ID): [2, 3, 5]
🔴 剩下未知类 (OOD): [0, 1, 4, 6, 7, 8]
------------------------------------------------------
📊 阶段 1: Zero-Shot 零样本初筛池纯度 (QA/QP)
 ├─ 初筛总候选数: 51295
 ├─ 真正目标类数量: 28161
 ├─ 误入未知类数量: 23134
 └─ 💡 原始初筛精准度 (Raw QP): 54.90%
------------------------------------------------------
🏆 阶段 2: 最终 45 张冷启动种子 QP
🔬 [Baseline: KMeans++ 聚类采样] (已保存至: /root/gpufree-data/OpenPath-main/al_file/query_round_5_old6.csv)
 ├─ 真正目标类(ID): 23 | 杂病(OOD): 22
 └─ 💡 最终精准度(QP): 51.11%
------------------------------------------------------
⏱️ 总运行耗时: 00h 06m 33.19s
======================================================

======================================================
🕒 运行时间: 2026-08-20 13:24:37
🎲 随机种子 (Seed): 133
🟢 选中已知类 (ID): [2, 3, 5]
🔴 剩下未知类 (OOD): [0, 1, 4, 6, 7, 8]
------------------------------------------------------
📊 阶段 1: Zero-Shot 零样本初筛池纯度 (QA/QP)
 ├─ 初筛总候选数: 51295
 ├─ 真正目标类数量: 28161
 ├─ 误入未知类数量: 23134
 └─ 💡 原始初筛精准度 (Raw QP): 54.90%
------------------------------------------------------
🏆 阶段 2: 最终 45 张冷启动种子 QP
🔬 [Baseline: KMeans++ 聚类采样] (已保存至: /root/gpufree-data/OpenPath-main/al_file/query_round_5_old6.csv)
 ├─ 真正目标类(ID): 23 | 杂病(OOD): 22
 └─ 💡 最终精准度(QP): 51.11%
------------------------------------------------------
⏱️ 总运行耗时: 00h 06m 20.04s
======================================================

======================================================
🕒 运行时间: 2026-08-31 16:13:26
🎲 随机种子 (Seed): 92
🟢 选中已知类 (ID): [0, 5, 6]
🔴 剩下未知类 (OOD): [1, 2, 3, 4, 7, 8]
------------------------------------------------------
📊 阶段 1: Zero-Shot 零样本初筛池纯度 (QA/QP)
 ├─ 初筛总候选数: 30880
 ├─ 真正目标类数量: 23235
 ├─ 误入未知类数量: 7645
 └─ 💡 原始初筛精准度 (Raw QP): 75.24%
------------------------------------------------------
🏆 阶段 2: 最终 45 张冷启动种子 QP
🔬 [Baseline: KMeans++ 聚类采样] (已保存至: /root/gpufree-data/OpenPath-main/al_file/query_round_5_old7.csv)
 ├─ 真正目标类(ID): 29 | 杂病(OOD): 16
 └─ 💡 最终精准度(QP): 64.44%
------------------------------------------------------
⏱️ 总运行耗时: 00h 06m 39.57s
======================================================
