
======================================================
🕒 运行时间: 2026-07-30 16:52:44
🎲 随机种子 (Seed): 22
🟢 选中已知类 (ID): [1, 3, 8]
🔴 剩下未知类 (OOD): [0, 2, 4, 5, 6, 7]
------------------------------------------------------
📊 阶段 1: 初筛全量候选池纯度 (QA/QP)
 ├─ 初筛总候选数: 108
 ├─ 真正目标类数量: 102
 ├─ 误入未知类数量: 6
 └─ 💡 原始初筛精准度 (Raw QP): 94.44%
------------------------------------------------------
🏆 阶段 2: 最终 50 张冷启动种子 QP
🔬 [方案 B: Density-Core FPS]
 ├─ 真正目标类(ID): 49 | 杂病(OOD): 1
 └─ 💡 最终精准度(QP): 98.00%

🔬 [方案 C: Graph Centrality NMS]
 ├─ 真正目标类(ID): 47 | 杂病(OOD): 3
 └─ 💡 最终精准度(QP): 94.00%
------------------------------------------------------
⏱️ 总运行耗时: 00h 03m 53.14s
======================================================

======================================================
🕒 运行时间: 2026-07-30 17:16:42
🎲 随机种子 (Seed): 12
🟢 选中已知类 (ID): [0, 7, 8]
🔴 剩下未知类 (OOD): [1, 2, 3, 4, 5, 6]
------------------------------------------------------
📊 阶段 1: 初筛全量候选池纯度 (QA/QP)
 ├─ 初筛总候选数: 104
 ├─ 真正目标类数量: 71
 ├─ 误入未知类数量: 33
 └─ 💡 原始初筛精准度 (Raw QP): 68.27%
------------------------------------------------------
🏆 阶段 2: 最终 50 张冷启动种子 QP
🔬 [方案 B: Density-Core FPS]
 ├─ 真正目标类(ID): 37 | 杂病(OOD): 13
 └─ 💡 最终精准度(QP): 74.00%

🔬 [方案 C: Graph Centrality NMS]
 ├─ 真正目标类(ID): 34 | 杂病(OOD): 16
 └─ 💡 最终精准度(QP): 68.00%
------------------------------------------------------
⏱️ 总运行耗时: 00h 03m 53.97s
======================================================

======================================================
🕒 运行时间: 2026-07-30 17:28:44
🎲 随机种子 (Seed): 42
🟢 选中已知类 (ID): [1, 5, 7]
🔴 剩下未知类 (OOD): [0, 2, 3, 4, 6, 8]
------------------------------------------------------
📊 阶段 1: 初筛全量候选池纯度 (QA/QP)
 ├─ 初筛总候选数: 109
 ├─ 真正目标类数量: 97
 ├─ 误入未知类数量: 12
 └─ 💡 原始初筛精准度 (Raw QP): 88.99%
------------------------------------------------------
🏆 阶段 2: 最终 50 张冷启动种子 QP
🔬 [方案 B: Density-Core FPS]
 ├─ 真正目标类(ID): 41 | 杂病(OOD): 9
 └─ 💡 最终精准度(QP): 82.00%

🔬 [方案 C: Graph Centrality NMS]
 ├─ 真正目标类(ID): 41 | 杂病(OOD): 9
 └─ 💡 最终精准度(QP): 82.00%
------------------------------------------------------
⏱️ 总运行耗时: 00h 03m 52.96s
======================================================

======================================================
🕒 运行时间: 2026-07-31 14:38:18
🎲 随机种子 (Seed): 52
🟢 选中已知类 (ID): [0, 1, 2]
🔴 剩下未知类 (OOD): [3, 4, 5, 6, 7, 8]
------------------------------------------------------
📊 阶段 1: 初筛全量候选池纯度 (QA/QP)
 ├─ 初筛总候选数: 92
 ├─ 真正目标类数量: 84
 ├─ 误入未知类数量: 8
 └─ 💡 原始初筛精准度 (Raw QP): 91.30%
------------------------------------------------------
🏆 阶段 2: 最终 50 张冷启动种子 QP
🔬 [方案 B: Density-Core FPS]
 ├─ 真正目标类(ID): 48 | 杂病(OOD): 2
 └─ 💡 最终精准度(QP): 96.00%

🔬 [方案 C: Graph Centrality NMS]
 ├─ 真正目标类(ID): 46 | 杂病(OOD): 4
 └─ 💡 最终精准度(QP): 92.00%
------------------------------------------------------
⏱️ 总运行耗时: 00h 04m 33.82s
======================================================

======================================================
🕒 运行时间: 2026-07-31 14:50:22
🎲 随机种子 (Seed): 62
🟢 选中已知类 (ID): [5, 7, 8]
🔴 剩下未知类 (OOD): [0, 1, 2, 3, 4, 6]
------------------------------------------------------
📊 阶段 1: 初筛全量候选池纯度 (QA/QP)
 ├─ 初筛总候选数: 143
 ├─ 真正目标类数量: 109
 ├─ 误入未知类数量: 34
 └─ 💡 原始初筛精准度 (Raw QP): 76.22%
------------------------------------------------------
🏆 阶段 2: 最终 50 张冷启动种子 QP
🔬 [方案 B: Density-Core FPS]
 ├─ 真正目标类(ID): 37 | 杂病(OOD): 13
 └─ 💡 最终精准度(QP): 74.00%

🔬 [方案 C: Graph Centrality NMS]
 ├─ 真正目标类(ID): 36 | 杂病(OOD): 14
 └─ 💡 最终精准度(QP): 72.00%
------------------------------------------------------
⏱️ 总运行耗时: 00h 03m 52.51s
======================================================

======================================================
🕒 运行时间: 2026-07-31 15:55:05
🎲 随机种子 (Seed): 72
🟢 选中已知类 (ID): [0, 1, 4]
🔴 剩下未知类 (OOD): [2, 3, 5, 6, 7, 8]
------------------------------------------------------
📊 阶段 1: 初筛全量候选池纯度 (QA/QP)
 ├─ 初筛总候选数: 78
 ├─ 真正目标类数量: 69
 ├─ 误入未知类数量: 9
 └─ 💡 原始初筛精准度 (Raw QP): 88.46%
------------------------------------------------------
🏆 阶段 2: 最终 50 张冷启动种子 QP
🔬 [方案 B: Density-Core FPS]
 ├─ 真正目标类(ID): 44 | 杂病(OOD): 6
 └─ 💡 最终精准度(QP): 88.00%

🔬 [方案 C: Graph Centrality NMS]
 ├─ 真正目标类(ID): 46 | 杂病(OOD): 4
 └─ 💡 最终精准度(QP): 92.00%
------------------------------------------------------
⏱️ 总运行耗时: 00h 04m 34.87s
======================================================

======================================================
🕒 运行时间: 2026-07-31 16:23:24
🎲 随机种子 (Seed): 92
🟢 选中已知类 (ID): [0, 5, 6]
🔴 剩下未知类 (OOD): [1, 2, 3, 4, 7, 8]
------------------------------------------------------
📊 阶段 1: 初筛全量候选池纯度 (QA/QP)
 ├─ 初筛总候选数: 81
 ├─ 真正目标类数量: 59
 ├─ 误入未知类数量: 22
 └─ 💡 原始初筛精准度 (Raw QP): 72.84%
------------------------------------------------------
🏆 阶段 2: 最终 50 张冷启动种子 QP
🔬 [方案 B: Density-Core FPS]
 ├─ 真正目标类(ID): 38 | 杂病(OOD): 12
 └─ 💡 最终精准度(QP): 76.00%

🔬 [方案 C: Graph Centrality NMS]
 ├─ 真正目标类(ID): 41 | 杂病(OOD): 9
 └─ 💡 最终精准度(QP): 82.00%
------------------------------------------------------
⏱️ 总运行耗时: 00h 04m 34.18s
======================================================


======================================================
🕒 运行时间: 2026-08-02 16:46:13
🎲 随机种子 (Seed): 72
🟢 选中已知类 (ID): [0, 1, 4]
🔴 剩下未知类 (OOD): [2, 3, 5, 6, 7, 8]
------------------------------------------------------
📊 阶段 1: 初筛全量候选池纯度 (QA/QP)
 ├─ 初筛总候选数: 81
 ├─ 真正目标类数量: 70
 ├─ 误入未知类数量: 11
 └─ 💡 原始初筛精准度 (Raw QP): 86.42%
------------------------------------------------------
🏆 阶段 2: 最终 50 张冷启动种子 QP
🔬 [方案 B: Density-Core FPS] (已保存至: /root/gpufree-data/OpenPath-main/al_file/query_round_5_density.csv)
 ├─ 真正目标类(ID): 43 | 杂病(OOD): 7
 └─ 💡 最终精准度(QP): 86.00%

🔬 [方案 C: Graph Centrality NMS] (已保存至: /root/gpufree-data/OpenPath-main/al_file/query_round_5_graph.csv)
 ├─ 真正目标类(ID): 46 | 杂病(OOD): 4
 └─ 💡 最终精准度(QP): 92.00%
------------------------------------------------------
⏱️ 总运行耗时: 00h 04m 27.57s
======================================================

======================================================
🕒 运行时间: 2026-08-03 17:29:00
🎲 随机种子 (Seed): 48
🟢 选中已知类 (ID): [2, 5, 6]
🔴 剩下未知类 (OOD): [0, 1, 3, 4, 7, 8]
------------------------------------------------------
📊 阶段 1: 初筛全量候选池纯度 (QA/QP)
 ├─ 初筛总候选数: 101
 ├─ 真正目标类数量: 66
 ├─ 误入未知类数量: 35
 └─ 💡 原始初筛精准度 (Raw QP): 65.35%
------------------------------------------------------
🏆 阶段 2: 最终 50 张冷启动种子 QP
🔬 [方案 B: Density-Core FPS] (已保存至: /root/gpufree-data/OpenPath-main/al_file/query_round_5_density2.csv)
 ├─ 真正目标类(ID): 30 | 杂病(OOD): 20
 └─ 💡 最终精准度(QP): 60.00%

🔬 [方案 C: Graph Centrality NMS] (已保存至: /root/gpufree-data/OpenPath-main/al_file/query_round_5_graph2.csv)
 ├─ 真正目标类(ID): 36 | 杂病(OOD): 14
 └─ 💡 最终精准度(QP): 72.00%
------------------------------------------------------
⏱️ 总运行耗时: 00h 04m 37.78s
======================================================

======================================================
🕒 运行时间: 2026-08-03 17:34:09
🎲 随机种子 (Seed): 22
🟢 选中已知类 (ID): [1, 3, 8]
🔴 剩下未知类 (OOD): [0, 2, 4, 5, 6, 7]
------------------------------------------------------
📊 阶段 1: 初筛全量候选池纯度 (QA/QP)
 ├─ 初筛总候选数: 102
 ├─ 真正目标类数量: 96
 ├─ 误入未知类数量: 6
 └─ 💡 原始初筛精准度 (Raw QP): 94.12%
------------------------------------------------------
🏆 阶段 2: 最终 50 张冷启动种子 QP
🔬 [方案 B: Density-Core FPS] (已保存至: /root/gpufree-data/OpenPath-main/al_file/query_round_5_density2.csv)
 ├─ 真正目标类(ID): 49 | 杂病(OOD): 1
 └─ 💡 最终精准度(QP): 98.00%

🔬 [方案 C: Graph Centrality NMS] (已保存至: /root/gpufree-data/OpenPath-main/al_file/query_round_5_graph2.csv)
 ├─ 真正目标类(ID): 47 | 杂病(OOD): 3
 └─ 💡 最终精准度(QP): 94.00%
------------------------------------------------------
⏱️ 总运行耗时: 00h 03m 59.36s
======================================================

======================================================
🕒 运行时间: 2026-08-06 17:23:51
🎲 随机种子 (Seed): 81
🟢 选中已知类 (ID): [2, 6, 7]
🔴 剩下未知类 (OOD): [0, 1, 3, 4, 5, 8]
------------------------------------------------------
📊 阶段 1: 初筛全量候选池纯度 (QA/QP)
 ├─ 初筛总候选数: 62
 ├─ 真正目标类数量: 43
 ├─ 误入未知类数量: 19
 └─ 💡 原始初筛精准度 (Raw QP): 69.35%
------------------------------------------------------
🏆 阶段 2: 最终 50 张冷启动种子 QP
🔬 [方案 B: Density-Core FPS] (已保存至: /root/gpufree-data/OpenPath-main/al_file/query_round_5_density3.csv)
 ├─ 真正目标类(ID): 34 | 杂病(OOD): 16
 └─ 💡 最终精准度(QP): 68.00%

🔬 [方案 C: Graph Centrality NMS] (已保存至: /root/gpufree-data/OpenPath-main/al_file/query_round_5_graph3.csv)
 ├─ 真正目标类(ID): 38 | 杂病(OOD): 12
 └─ 💡 最终精准度(QP): 76.00%
------------------------------------------------------
⏱️ 总运行耗时: 00h 04m 37.19s
======================================================



======================================================
🕒 运行时间: 2026-08-16 16:49:14
🎲 随机种子 (Seed): 67
🟢 选中已知类 (ID): [0, 6, 8]
🔴 剩下未知类 (OOD): [1, 2, 3, 4, 5, 7]
------------------------------------------------------
📊 阶段 1: 初筛全量候选池纯度 (QA/QP)
 ├─ 初筛总候选数: 90
 ├─ 真正目标类数量: 72
 ├─ 误入未知类数量: 18
 └─ 💡 原始初筛精准度 (Raw QP): 80.00%
------------------------------------------------------
🏆 阶段 2: 最终 50 张冷启动种子 QP
🔬 [方案 B: Density-Core FPS]
 ├─ 真正目标类(ID): 43 | 杂病(OOD): 7
 └─ 💡 最终精准度(QP): 86.00%

🔬 [方案 C: Graph Centrality NMS]
 ├─ 真正目标类(ID): 42 | 杂病(OOD): 8
 └─ 💡 最终精准度(QP): 84.00%
------------------------------------------------------
⏱️ 总运行耗时: 00h 04m 04.46s
======================================================

======================================================
🕒 运行时间: 2026-08-16 17:03:45
🎲 随机种子 (Seed): 48
🟢 选中已知类 (ID): [2, 5, 6]
🔴 剩下未知类 (OOD): [0, 1, 3, 4, 7, 8]
------------------------------------------------------
📊 阶段 1: 初筛全量候选池纯度 (QA/QP)
 ├─ 初筛总候选数: 95
 ├─ 真正目标类数量: 74
 ├─ 误入未知类数量: 21
 └─ 💡 原始初筛精准度 (Raw QP): 77.89%
------------------------------------------------------
🏆 阶段 2: 最终 50 张冷启动种子 QP
🔬 [方案 B: Density-Core FPS]
 ├─ 真正目标类(ID): 38 | 杂病(OOD): 12
 └─ 💡 最终精准度(QP): 76.00%

🔬 [方案 C: Graph Centrality NMS]
 ├─ 真正目标类(ID): 40 | 杂病(OOD): 10
 └─ 💡 最终精准度(QP): 80.00%
------------------------------------------------------
⏱️ 总运行耗时: 00h 04m 01.52s
======================================================

======================================================
🕒 运行时间: 2026-08-18 19:04:15
🎲 随机种子 (Seed): 81
🟢 选中已知类 (ID): [2, 6, 7]
🔴 剩下未知类 (OOD): [0, 1, 3, 4, 5, 8]
------------------------------------------------------
📊 阶段 1: 初筛全量候选池纯度 (QA/QP)
 ├─ 初筛总候选数: 65
 ├─ 真正目标类数量: 51
 ├─ 误入未知类数量: 14
 └─ 💡 原始初筛精准度 (Raw QP): 78.46%
------------------------------------------------------
🏆 阶段 2: 最终 50 张冷启动种子 QP
🔬 [方案 B: Density-Core FPS]
 ├─ 真正目标类(ID): 36 | 杂病(OOD): 14
 └─ 💡 最终精准度(QP): 72.00%

🔬 [方案 C: Graph Centrality NMS]
 ├─ 真正目标类(ID): 42 | 杂病(OOD): 8
 └─ 💡 最终精准度(QP): 84.00%
------------------------------------------------------
⏱️ 总运行耗时: 00h 05m 12.44s
======================================================

======================================================
🕒 运行时间: 2026-08-18 19:13:00
🎲 随机种子 (Seed): 81
🟢 选中已知类 (ID): [2, 6, 7]
🔴 剩下未知类 (OOD): [0, 1, 3, 4, 5, 8]
------------------------------------------------------
📊 阶段 1: 初筛全量候选池纯度 (QA/QP)
 ├─ 初筛总候选数: 65
 ├─ 真正目标类数量: 51
 ├─ 误入未知类数量: 14
 └─ 💡 原始初筛精准度 (Raw QP): 78.46%
------------------------------------------------------
🏆 阶段 2: 最终 50 张冷启动种子 QP
🔬 [方案 B: Density-Core FPS] (已保存至: /root/gpufree-data/OpenPath-main/al_file/query_round_5_density5.csv)
 ├─ 真正目标类(ID): 36 | 杂病(OOD): 14
 └─ 💡 最终精准度(QP): 72.00%

🔬 [方案 C: Graph Centrality NMS] (已保存至: /root/gpufree-data/OpenPath-main/al_file/query_round_5_graph5.csv)
 ├─ 真正目标类(ID): 42 | 杂病(OOD): 8
 └─ 💡 最终精准度(QP): 84.00%
------------------------------------------------------
⏱️ 总运行耗时: 00h 04m 28.94s
======================================================

======================================================
🕒 运行时间: 2026-08-19 18:29:54
🎲 随机种子 (Seed): 133
🟢 选中已知类 (ID): [2, 3, 5]
🔴 剩下未知类 (OOD): [0, 1, 4, 6, 7, 8]
------------------------------------------------------
📊 阶段 1: 初筛全量候选池纯度 (QA/QP)
 ├─ 初筛总候选数: 107
 ├─ 真正目标类数量: 89
 ├─ 误入未知类数量: 18
 └─ 💡 原始初筛精准度 (Raw QP): 83.18%
------------------------------------------------------
🏆 阶段 2: 最终 50 张冷启动种子 QP
🔬 [方案 B: Density-Core FPS] (已保存至: /root/gpufree-data/OpenPath-main/al_file/query_round_5_density6.csv)
 ├─ 真正目标类(ID): 42 | 杂病(OOD): 8
 └─ 💡 最终精准度(QP): 84.00%

🔬 [方案 C: Graph Centrality NMS] (已保存至: /root/gpufree-data/OpenPath-main/al_file/query_round_5_graph6.csv)
 ├─ 真正目标类(ID): 41 | 杂病(OOD): 9
 └─ 💡 最终精准度(QP): 82.00%
------------------------------------------------------
⏱️ 总运行耗时: 00h 04m 59.41s
======================================================

======================================================
🕒 运行时间: 2026-08-31 15:56:24
🎲 随机种子 (Seed): 92
🟢 选中已知类 (ID): [0, 5, 6]
🔴 剩下未知类 (OOD): [1, 2, 3, 4, 7, 8]
------------------------------------------------------
📊 阶段 1: 初筛全量候选池纯度 (QA/QP)
 ├─ 初筛总候选数: 92
 ├─ 真正目标类数量: 81
 ├─ 误入未知类数量: 11
 └─ 💡 原始初筛精准度 (Raw QP): 88.04%
------------------------------------------------------
🏆 阶段 2: 最终 50 张冷启动种子 QP
🔬 [方案 B: Density-Core FPS] (已保存至: /root/gpufree-data/OpenPath-main/al_file/query_round_5_density7.csv)
 ├─ 真正目标类(ID): 45 | 杂病(OOD): 5
 └─ 💡 最终精准度(QP): 90.00%

🔬 [方案 C: Graph Centrality NMS] (已保存至: /root/gpufree-data/OpenPath-main/al_file/query_round_5_graph7.csv)
 ├─ 真正目标类(ID): 44 | 杂病(OOD): 6
 └─ 💡 最终精准度(QP): 88.00%
------------------------------------------------------
⏱️ 总运行耗时: 00h 04m 38.23s
======================================================
